Initializing ExtractionService...
Extracting document...
Consider using the pymupdf_layout package for a greatly improved page layout analysis.
[ExtractionService] Overriding Slide 1 elements with visual slide content (including logo)...
[ExtractionService] Processing slide 1...
    [Orchestrator] Step 1: Text extraction...
    [Orchestrator] Step 2: Header/footer...
    [Orchestrator] Step 3: Visual inventory...
    [Orchestrator] Step 4: Layout structure...
    [Orchestrator] Step 5: Position mapping...
    [Orchestrator] Step 6: Relationship mapping...
    [Orchestrator] Step 7: Flowchart analysis...
    [Orchestrator] Step 8: Diagram understanding...
    [Orchestrator] Step 9: Image summaries...
    [Orchestrator] Step 10: Slide context...
    [Orchestrator] Step 11: Table extraction...
    [Orchestrator] Final assembly...
    [Orchestrator] Step 12: Semantic services...
    [Orchestrator] Step 12.1: Slide interpretation (semantic flow)...
[SlideInterpretationAgent] Groq analysis failed: Error code: 401 - {'error': {'message': 'Invalid API Key', 'type': 'invalid_request_error', 'code': 'invalid_api_key'}}
[SlideInterpretationAgent] OpenAI analysis failed: Error code: 429 - {'error': {'message': 'You exceeded your current quota, please check your plan and billing details. For more information on this error, read the docs: https://platform.openai.com/docs/guides/error-codes/api-errors.', 'type': 'insufficient_quota', 'param': None, 'code': 'insufficient_quota'}}
[SlideInterpretationAgent] Using local Ollama model: llama3.2...
[SlideInterpretationAgent] Ollama analysis failed: HTTPConnectionPool(host='localhost', port=11434): Read timed out. (read timeout=15)
[SlideInterpretationAgent] No LLM API succeeded. Using rule-based SemanticFlowService.
    [Orchestrator] Step 12.5: Slide summary generation...
    [Orchestrator] Step 13: Slide reconstruction context...
[ExtractionService] Processing slide 2...
    [Orchestrator] Step 1: Text extraction...
    [Orchestrator] Step 2: Header/footer...
    [Orchestrator] Step 3: Visual inventory...
    [Orchestrator] Step 4: Layout structure...
    [Orchestrator] Step 5: Position mapping...
    [Orchestrator] Step 6: Relationship mapping...
    [Orchestrator] Step 7: Flowchart analysis...
    [Orchestrator] Step 8: Diagram understanding...
    [Orchestrator] Step 9: Image summaries...
    [Orchestrator] Step 10: Slide context...
    [Orchestrator] Step 11: Table extraction...
    [Orchestrator] Final assembly...
    [Orchestrator] Step 12: Semantic services...
    [Orchestrator] Step 12.1: Slide interpretation (semantic flow)...
[SlideInterpretationAgent] Groq analysis failed: Error code: 401 - {'error': {'message': 'Invalid API Key', 'type': 'invalid_request_error', 'code': 'invalid_api_key'}}
[SlideInterpretationAgent] OpenAI analysis failed: Error code: 429 - {'error': {'message': 'You exceeded your current quota, please check your plan and billing details. For more information on this error, read the docs: https://platform.openai.com/docs/guides/error-codes/api-errors.', 'type': 'insufficient_quota', 'param': None, 'code': 'insufficient_quota'}}
[SlideInterpretationAgent] Using local Ollama model: llama3.2...
[SlideInterpretationAgent] Ollama analysis failed: HTTPConnectionPool(host='localhost', port=11434): Read timed out. (read timeout=15)
[SlideInterpretationAgent] No LLM API succeeded. Using rule-based SemanticFlowService.
    [Orchestrator] Step 12.5: Slide summary generation...
    [Orchestrator] Step 13: Slide reconstruction context...
[ExtractionService] Processing slide 3...
    [Orchestrator] Step 1: Text extraction...
    [Orchestrator] Step 2: Header/footer...
    [Orchestrator] Step 3: Visual inventory...
    [Orchestrator] Step 4: Layout structure...
    [Orchestrator] Step 5: Position mapping...
    [Orchestrator] Step 6: Relationship mapping...
    [Orchestrator] Step 7: Flowchart analysis...
    [Orchestrator] Step 8: Diagram understanding...
    [Orchestrator] Step 9: Image summaries...
    [Orchestrator] Step 10: Slide context...
    [Orchestrator] Step 11: Table extraction...
    [Orchestrator] Final assembly...
    [Orchestrator] Step 12: Semantic services...
    [Orchestrator] Step 12.1: Slide interpretation (semantic flow)...
[SlideInterpretationAgent] Groq analysis failed: Error code: 401 - {'error': {'message': 'Invalid API Key', 'type': 'invalid_request_error', 'code': 'invalid_api_key'}}
[SlideInterpretationAgent] OpenAI analysis failed: Error code: 429 - {'error': {'message': 'You exceeded your current quota, please check your plan and billing details. For more information on this error, read the docs: https://platform.openai.com/docs/guides/error-codes/api-errors.', 'type': 'insufficient_quota', 'param': None, 'code': 'insufficient_quota'}}
[SlideInterpretationAgent] Using local Ollama model: llama3.2...
[SlideInterpretationAgent] Ollama analysis failed: HTTPConnectionPool(host='localhost', port=11434): Read timed out. (read timeout=15)
[SlideInterpretationAgent] No LLM API succeeded. Using rule-based SemanticFlowService.
    [Orchestrator] Step 12.5: Slide summary generation...
    [Orchestrator] Step 13: Slide reconstruction context...
[ExtractionService] Processing slide 4...
    [Orchestrator] Step 1: Text extraction...
    [Orchestrator] Step 2: Header/footer...
    [Orchestrator] Step 3: Visual inventory...
    [Orchestrator] Step 4: Layout structure...
    [Orchestrator] Step 5: Position mapping...
    [Orchestrator] Step 6: Relationship mapping...
    [Orchestrator] Step 7: Flowchart analysis...
    [Orchestrator] Step 8: Diagram understanding...
    [Orchestrator] Step 9: Image summaries...
    [Orchestrator] Step 10: Slide context...
    [Orchestrator] Step 11: Table extraction...
    [Orchestrator] Final assembly...
    [Orchestrator] Step 12: Semantic services...
    [Orchestrator] Step 12.1: Slide interpretation (semantic flow)...
[SlideInterpretationAgent] Groq analysis failed: Error code: 401 - {'error': {'message': 'Invalid API Key', 'type': 'invalid_request_error', 'code': 'invalid_api_key'}}
[SlideInterpretationAgent] OpenAI analysis failed: Error code: 429 - {'error': {'message': 'You exceeded your current quota, please check your plan and billing details. For more information on this error, read the docs: https://platform.openai.com/docs/guides/error-codes/api-errors.', 'type': 'insufficient_quota', 'param': None, 'code': 'insufficient_quota'}}
[SlideInterpretationAgent] Using local Ollama model: llama3.2...
[SlideInterpretationAgent] Ollama analysis failed: HTTPConnectionPool(host='localhost', port=11434): Read timed out. (read timeout=15)
[SlideInterpretationAgent] No LLM API succeeded. Using rule-based SemanticFlowService.
    [Orchestrator] Step 12.5: Slide summary generation...
    [Orchestrator] Step 13: Slide reconstruction context...
[ExtractionService] Processing slide 5...
    [Orchestrator] Step 1: Text extraction...
    [Orchestrator] Step 2: Header/footer...
    [Orchestrator] Step 3: Visual inventory...
    [Orchestrator] Step 4: Layout structure...
    [Orchestrator] Step 5: Position mapping...
    [Orchestrator] Step 6: Relationship mapping...
    [Orchestrator] Step 7: Flowchart analysis...
    [Orchestrator] Step 8: Diagram understanding...
    [Orchestrator] Step 9: Image summaries...
    [Orchestrator] Step 10: Slide context...
    [Orchestrator] Step 11: Table extraction...
    [Orchestrator] Final assembly...
    [Orchestrator] Step 12: Semantic services...
    [Orchestrator] Step 12.1: Slide interpretation (semantic flow)...
[SlideInterpretationAgent] Groq analysis failed: Error code: 401 - {'error': {'message': 'Invalid API Key', 'type': 'invalid_request_error', 'code': 'invalid_api_key'}}
[SlideInterpretationAgent] OpenAI analysis failed: Error code: 429 - {'error': {'message': 'You exceeded your current quota, please check your plan and billing details. For more information on this error, read the docs: https://platform.openai.com/docs/guides/error-codes/api-errors.', 'type': 'insufficient_quota', 'param': None, 'code': 'insufficient_quota'}}
[SlideInterpretationAgent] Using local Ollama model: llama3.2...
[SlideInterpretationAgent] Ollama analysis failed: HTTPConnectionPool(host='localhost', port=11434): Read timed out. (read timeout=15)
[SlideInterpretationAgent] No LLM API succeeded. Using rule-based SemanticFlowService.
    [Orchestrator] Step 12.5: Slide summary generation...
    [Orchestrator] Step 13: Slide reconstruction context...
[ExtractionService] Processing slide 6...
    [Orchestrator] Step 1: Text extraction...
    [Orchestrator] Step 2: Header/footer...
    [Orchestrator] Step 3: Visual inventory...
    [Orchestrator] Step 4: Layout structure...
    [Orchestrator] Step 5: Position mapping...
    [Orchestrator] Step 6: Relationship mapping...
    [Orchestrator] Step 7: Flowchart analysis...
    [Orchestrator] Step 8: Diagram understanding...
    [Orchestrator] Step 9: Image summaries...
    [Orchestrator] Step 10: Slide context...
    [Orchestrator] Step 11: Table extraction...
    [Orchestrator] Final assembly...
    [Orchestrator] Step 12: Semantic services...
    [Orchestrator] Step 12.1: Slide interpretation (semantic flow)...
[SlideInterpretationAgent] Groq analysis failed: Error code: 401 - {'error': {'message': 'Invalid API Key', 'type': 'invalid_request_error', 'code': 'invalid_api_key'}}
[SlideInterpretationAgent] OpenAI analysis failed: Error code: 429 - {'error': {'message': 'You exceeded your current quota, please check your plan and billing details. For more information on this error, read the docs: https://platform.openai.com/docs/guides/error-codes/api-errors.', 'type': 'insufficient_quota', 'param': None, 'code': 'insufficient_quota'}}
[SlideInterpretationAgent] Using local Ollama model: llama3.2...
[SlideInterpretationAgent] Ollama analysis failed: HTTPConnectionPool(host='localhost', port=11434): Read timed out. (read timeout=15)
[SlideInterpretationAgent] No LLM API succeeded. Using rule-based SemanticFlowService.
    [Orchestrator] Step 12.5: Slide summary generation...
    [Orchestrator] Step 13: Slide reconstruction context...
[ExtractionService] Processing slide 7...
    [Orchestrator] Step 1: Text extraction...
    [Orchestrator] Step 2: Header/footer...
    [Orchestrator] Step 3: Visual inventory...
    [Orchestrator] Step 4: Layout structure...
    [Orchestrator] Step 5: Position mapping...
    [Orchestrator] Step 6: Relationship mapping...
    [Orchestrator] Step 7: Flowchart analysis...
    [Orchestrator] Step 8: Diagram understanding...
    [Orchestrator] Step 9: Image summaries...
    [Orchestrator] Step 10: Slide context...
    [Orchestrator] Step 11: Table extraction...
    [Orchestrator] Final assembly...
    [Orchestrator] Step 12: Semantic services...
    [Orchestrator] Step 12.1: Slide interpretation (semantic flow)...
[SlideInterpretationAgent] Groq analysis failed: Error code: 401 - {'error': {'message': 'Invalid API Key', 'type': 'invalid_request_error', 'code': 'invalid_api_key'}}
[SlideInterpretationAgent] OpenAI analysis failed: Error code: 429 - {'error': {'message': 'You exceeded your current quota, please check your plan and billing details. For more information on this error, read the docs: https://platform.openai.com/docs/guides/error-codes/api-errors.', 'type': 'insufficient_quota', 'param': None, 'code': 'insufficient_quota'}}
[SlideInterpretationAgent] Using local Ollama model: llama3.2...
[SlideInterpretationAgent] Ollama analysis failed: HTTPConnectionPool(host='localhost', port=11434): Read timed out. (read timeout=15)
[SlideInterpretationAgent] No LLM API succeeded. Using rule-based SemanticFlowService.
    [Orchestrator] Step 12.5: Slide summary generation...
    [Orchestrator] Step 13: Slide reconstruction context...
[ExtractionService] Processing slide 8...
    [Orchestrator] Step 1: Text extraction...
    [Orchestrator] Step 2: Header/footer...
    [Orchestrator] Step 3: Visual inventory...
    [Orchestrator] Step 4: Layout structure...
    [Orchestrator] Step 5: Position mapping...
    [Orchestrator] Step 6: Relationship mapping...
    [Orchestrator] Step 7: Flowchart analysis...
    [Orchestrator] Step 8: Diagram understanding...
    [Orchestrator] Step 9: Image summaries...
    [Orchestrator] Step 10: Slide context...
    [Orchestrator] Step 11: Table extraction...
    [Orchestrator] Final assembly...
    [Orchestrator] Step 12: Semantic services...
    [Orchestrator] Step 12.1: Slide interpretation (semantic flow)...
[SlideInterpretationAgent] Groq analysis failed: Error code: 401 - {'error': {'message': 'Invalid API Key', 'type': 'invalid_request_error', 'code': 'invalid_api_key'}}
[SlideInterpretationAgent] OpenAI analysis failed: Error code: 429 - {'error': {'message': 'You exceeded your current quota, please check your plan and billing details. For more information on this error, read the docs: https://platform.openai.com/docs/guides/error-codes/api-errors.', 'type': 'insufficient_quota', 'param': None, 'code': 'insufficient_quota'}}
[SlideInterpretationAgent] Using local Ollama model: llama3.2...
[SlideInterpretationAgent] Ollama analysis failed: HTTPConnectionPool(host='localhost', port=11434): Read timed out. (read timeout=15)
[SlideInterpretationAgent] No LLM API succeeded. Using rule-based SemanticFlowService.
    [Orchestrator] Step 12.5: Slide summary generation...
    [Orchestrator] Step 13: Slide reconstruction context...
[ExtractionService] Processing slide 9...
    [Orchestrator] Step 1: Text extraction...
    [Orchestrator] Step 2: Header/footer...
    [Orchestrator] Step 3: Visual inventory...
    [Orchestrator] Step 4: Layout structure...
    [Orchestrator] Step 5: Position mapping...
    [Orchestrator] Step 6: Relationship mapping...
    [Orchestrator] Step 7: Flowchart analysis...
    [Orchestrator] Step 8: Diagram understanding...
    [Orchestrator] Step 9: Image summaries...
    [Orchestrator] Step 10: Slide context...
    [Orchestrator] Step 11: Table extraction...
    [Orchestrator] Final assembly...
    [Orchestrator] Step 12: Semantic services...
    [Orchestrator] Step 12.1: Slide interpretation (semantic flow)...
[SlideInterpretationAgent] Groq analysis failed: Error code: 401 - {'error': {'message': 'Invalid API Key', 'type': 'invalid_request_error', 'code': 'invalid_api_key'}}
[SlideInterpretationAgent] OpenAI analysis failed: Error code: 429 - {'error': {'message': 'You exceeded your current quota, please check your plan and billing details. For more information on this error, read the docs: https://platform.openai.com/docs/guides/error-codes/api-errors.', 'type': 'insufficient_quota', 'param': None, 'code': 'insufficient_quota'}}
[SlideInterpretationAgent] Using local Ollama model: llama3.2...
[SlideInterpretationAgent] Ollama analysis failed: HTTPConnectionPool(host='localhost', port=11434): Read timed out. (read timeout=15)
[SlideInterpretationAgent] No LLM API succeeded. Using rule-based SemanticFlowService.
    [Orchestrator] Step 12.5: Slide summary generation...
    [Orchestrator] Step 13: Slide reconstruction context...
[ExtractionService] Processing slide 10...
    [Orchestrator] Step 1: Text extraction...
    [Orchestrator] Step 2: Header/footer...
    [Orchestrator] Step 3: Visual inventory...
    [Orchestrator] Step 4: Layout structure...
    [Orchestrator] Step 5: Position mapping...
    [Orchestrator] Step 6: Relationship mapping...
    [Orchestrator] Step 7: Flowchart analysis...
    [Orchestrator] Step 8: Diagram understanding...
    [Orchestrator] Step 9: Image summaries...
    [Orchestrator] Step 10: Slide context...
    [Orchestrator] Step 11: Table extraction...
    [Orchestrator] Final assembly...
    [Orchestrator] Step 12: Semantic services...
    [Orchestrator] Step 12.1: Slide interpretation (semantic flow)...
[SlideInterpretationAgent] Groq analysis failed: Error code: 401 - {'error': {'message': 'Invalid API Key', 'type': 'invalid_request_error', 'code': 'invalid_api_key'}}
[SlideInterpretationAgent] OpenAI analysis failed: Error code: 429 - {'error': {'message': 'You exceeded your current quota, please check your plan and billing details. For more information on this error, read the docs: https://platform.openai.com/docs/guides/error-codes/api-errors.', 'type': 'insufficient_quota', 'param': None, 'code': 'insufficient_quota'}}
[SlideInterpretationAgent] Using local Ollama model: llama3.2...
[SlideInterpretationAgent] Ollama analysis failed: HTTPConnectionPool(host='localhost', port=11434): Read timed out. (read timeout=15)
[SlideInterpretationAgent] No LLM API succeeded. Using rule-based SemanticFlowService.
    [Orchestrator] Step 12.5: Slide summary generation...
    [Orchestrator] Step 13: Slide reconstruction context...
[ExtractionService] Processing slide 11...
    [Orchestrator] Step 1: Text extraction...
    [Orchestrator] Step 2: Header/footer...
    [Orchestrator] Step 3: Visual inventory...
    [Orchestrator] Step 4: Layout structure...
    [Orchestrator] Step 5: Position mapping...
    [Orchestrator] Step 6: Relationship mapping...
    [Orchestrator] Step 7: Flowchart analysis...
    [Orchestrator] Step 8: Diagram understanding...
    [Orchestrator] Step 9: Image summaries...
    [Orchestrator] Step 10: Slide context...
    [Orchestrator] Step 11: Table extraction...
[TableService] Groq semantics extraction failed: Error code: 401 - {'error': {'message': 'Invalid API Key', 'type': 'invalid_request_error', 'code': 'invalid_api_key'}}
[TableService] OpenAI semantics extraction failed: Error code: 429 - {'error': {'message': 'You exceeded your current quota, please check your plan and billing details. For more information on this error, read the docs: https://platform.openai.com/docs/guides/error-codes/api-errors.', 'type': 'insufficient_quota', 'param': None, 'code': 'insufficient_quota'}}
    [Orchestrator] Final assembly...
    [Orchestrator] Step 12: Semantic services...
    [Orchestrator] Step 12.1: Slide interpretation (semantic flow)...
[SlideInterpretationAgent] Groq analysis failed: Error code: 401 - {'error': {'message': 'Invalid API Key', 'type': 'invalid_request_error', 'code': 'invalid_api_key'}}
[SlideInterpretationAgent] OpenAI analysis failed: Error code: 429 - {'error': {'message': 'You exceeded your current quota, please check your plan and billing details. For more information on this error, read the docs: https://platform.openai.com/docs/guides/error-codes/api-errors.', 'type': 'insufficient_quota', 'param': None, 'code': 'insufficient_quota'}}
[SlideInterpretationAgent] Using local Ollama model: llama3.2...
[SlideInterpretationAgent] Ollama analysis failed: HTTPConnectionPool(host='localhost', port=11434): Read timed out. (read timeout=15)
[SlideInterpretationAgent] No LLM API succeeded. Using rule-based SemanticFlowService.
    [Orchestrator] Step 12.5: Slide summary generation...
    [Orchestrator] Step 13: Slide reconstruction context...
[ExtractionService] Processing slide 12...
    [Orchestrator] Step 1: Text extraction...
    [Orchestrator] Step 2: Header/footer...
    [Orchestrator] Step 3: Visual inventory...
    [Orchestrator] Step 4: Layout structure...
    [Orchestrator] Step 5: Position mapping...
    [Orchestrator] Step 6: Relationship mapping...
    [Orchestrator] Step 7: Flowchart analysis...
    [Orchestrator] Step 8: Diagram understanding...
    [Orchestrator] Step 9: Image summaries...
    [Orchestrator] Step 10: Slide context...
    [Orchestrator] Step 11: Table extraction...
[TableService] Groq semantics extraction failed: Error code: 401 - {'error': {'message': 'Invalid API Key', 'type': 'invalid_request_error', 'code': 'invalid_api_key'}}
[TableService] OpenAI semantics extraction failed: Error code: 429 - {'error': {'message': 'You exceeded your current quota, please check your plan and billing details. For more information on this error, read the docs: https://platform.openai.com/docs/guides/error-codes/api-errors.', 'type': 'insufficient_quota', 'param': None, 'code': 'insufficient_quota'}}
    [Orchestrator] Final assembly...
    [Orchestrator] Step 12: Semantic services...
    [Orchestrator] Step 12.1: Slide interpretation (semantic flow)...
[SlideInterpretationAgent] Groq analysis failed: Error code: 401 - {'error': {'message': 'Invalid API Key', 'type': 'invalid_request_error', 'code': 'invalid_api_key'}}
[SlideInterpretationAgent] OpenAI analysis failed: Error code: 429 - {'error': {'message': 'You exceeded your current quota, please check your plan and billing details. For more information on this error, read the docs: https://platform.openai.com/docs/guides/error-codes/api-errors.', 'type': 'insufficient_quota', 'param': None, 'code': 'insufficient_quota'}}
[SlideInterpretationAgent] Using local Ollama model: llama3.2...
[SlideInterpretationAgent] Ollama analysis failed: HTTPConnectionPool(host='localhost', port=11434): Read timed out. (read timeout=15)
[SlideInterpretationAgent] No LLM API succeeded. Using rule-based SemanticFlowService.
    [Orchestrator] Step 12.5: Slide summary generation...
    [Orchestrator] Step 13: Slide reconstruction context...
[ExtractionService] Processing slide 13...
    [Orchestrator] Step 1: Text extraction...
    [Orchestrator] Step 2: Header/footer...
    [Orchestrator] Step 3: Visual inventory...
    [Orchestrator] Step 4: Layout structure...
    [Orchestrator] Step 5: Position mapping...
    [Orchestrator] Step 6: Relationship mapping...
    [Orchestrator] Step 7: Flowchart analysis...
    [Orchestrator] Step 8: Diagram understanding...
    [Orchestrator] Step 9: Image summaries...
    [Orchestrator] Step 10: Slide context...
    [Orchestrator] Step 11: Table extraction...
[TableService] Groq semantics extraction failed: Error code: 401 - {'error': {'message': 'Invalid API Key', 'type': 'invalid_request_error', 'code': 'invalid_api_key'}}
[TableService] OpenAI semantics extraction failed: Error code: 429 - {'error': {'message': 'You exceeded your current quota, please check your plan and billing details. For more information on this error, read the docs: https://platform.openai.com/docs/guides/error-codes/api-errors.', 'type': 'insufficient_quota', 'param': None, 'code': 'insufficient_quota'}}
[TableService] Groq semantics extraction failed: Error code: 401 - {'error': {'message': 'Invalid API Key', 'type': 'invalid_request_error', 'code': 'invalid_api_key'}}
[TableService] OpenAI semantics extraction failed: Error code: 429 - {'error': {'message': 'You exceeded your current quota, please check your plan and billing details. For more information on this error, read the docs: https://platform.openai.com/docs/guides/error-codes/api-errors.', 'type': 'insufficient_quota', 'param': None, 'code': 'insufficient_quota'}}
    [Orchestrator] Final assembly...
    [Orchestrator] Step 12: Semantic services...
    [Orchestrator] Step 12.1: Slide interpretation (semantic flow)...
[SlideInterpretationAgent] Groq analysis failed: Error code: 401 - {'error': {'message': 'Invalid API Key', 'type': 'invalid_request_error', 'code': 'invalid_api_key'}}
[SlideInterpretationAgent] OpenAI analysis failed: Error code: 429 - {'error': {'message': 'You exceeded your current quota, please check your plan and billing details. For more information on this error, read the docs: https://platform.openai.com/docs/guides/error-codes/api-errors.', 'type': 'insufficient_quota', 'param': None, 'code': 'insufficient_quota'}}
[SlideInterpretationAgent] Using local Ollama model: llama3.2...
[SlideInterpretationAgent] Ollama analysis failed: HTTPConnectionPool(host='localhost', port=11434): Read timed out. (read timeout=15)
[SlideInterpretationAgent] No LLM API succeeded. Using rule-based SemanticFlowService.
    [Orchestrator] Step 12.5: Slide summary generation...
    [Orchestrator] Step 13: Slide reconstruction context...
[ExtractionService] Processing slide 14...
    [Orchestrator] Step 1: Text extraction...
    [Orchestrator] Step 2: Header/footer...
    [Orchestrator] Step 3: Visual inventory...
    [Orchestrator] Step 4: Layout structure...
    [Orchestrator] Step 5: Position mapping...
    [Orchestrator] Step 6: Relationship mapping...
    [Orchestrator] Step 7: Flowchart analysis...
    [Orchestrator] Step 8: Diagram understanding...
    [Orchestrator] Step 9: Image summaries...
    [Orchestrator] Step 10: Slide context...
    [Orchestrator] Step 11: Table extraction...
[TableService] Groq semantics extraction failed: Error code: 401 - {'error': {'message': 'Invalid API Key', 'type': 'invalid_request_error', 'code': 'invalid_api_key'}}
[TableService] OpenAI semantics extraction failed: Error code: 429 - {'error': {'message': 'You exceeded your current quota, please check your plan and billing details. For more information on this error, read the docs: https://platform.openai.com/docs/guides/error-codes/api-errors.', 'type': 'insufficient_quota', 'param': None, 'code': 'insufficient_quota'}}
    [Orchestrator] Final assembly...
    [Orchestrator] Step 12: Semantic services...
    [Orchestrator] Step 12.1: Slide interpretation (semantic flow)...
[SlideInterpretationAgent] Groq analysis failed: Error code: 401 - {'error': {'message': 'Invalid API Key', 'type': 'invalid_request_error', 'code': 'invalid_api_key'}}
[SlideInterpretationAgent] OpenAI analysis failed: Error code: 429 - {'error': {'message': 'You exceeded your current quota, please check your plan and billing details. For more information on this error, read the docs: https://platform.openai.com/docs/guides/error-codes/api-errors.', 'type': 'insufficient_quota', 'param': None, 'code': 'insufficient_quota'}}
[SlideInterpretationAgent] Using local Ollama model: llama3.2...
[SlideInterpretationAgent] Ollama analysis failed: HTTPConnectionPool(host='localhost', port=11434): Read timed out. (read timeout=15)
[SlideInterpretationAgent] No LLM API succeeded. Using rule-based SemanticFlowService.
    [Orchestrator] Step 12.5: Slide summary generation...
    [Orchestrator] Step 13: Slide reconstruction context...
[ExtractionService] Processing slide 15...
    [Orchestrator] Step 1: Text extraction...
    [Orchestrator] Step 2: Header/footer...
    [Orchestrator] Step 3: Visual inventory...
    [Orchestrator] Step 4: Layout structure...
    [Orchestrator] Step 5: Position mapping...
    [Orchestrator] Step 6: Relationship mapping...
    [Orchestrator] Step 7: Flowchart analysis...
    [Orchestrator] Step 8: Diagram understanding...
    [Orchestrator] Step 9: Image summaries...
    [Orchestrator] Step 10: Slide context...
    [Orchestrator] Step 11: Table extraction...
[TableService] Groq semantics extraction failed: Error code: 401 - {'error': {'message': 'Invalid API Key', 'type': 'invalid_request_error', 'code': 'invalid_api_key'}}
[TableService] OpenAI semantics extraction failed: Error code: 429 - {'error': {'message': 'You exceeded your current quota, please check your plan and billing details. For more information on this error, read the docs: https://platform.openai.com/docs/guides/error-codes/api-errors.', 'type': 'insufficient_quota', 'param': None, 'code': 'insufficient_quota'}}
    [Orchestrator] Final assembly...
    [Orchestrator] Step 12: Semantic services...
    [Orchestrator] Step 12.1: Slide interpretation (semantic flow)...
[SlideInterpretationAgent] Groq analysis failed: Error code: 401 - {'error': {'message': 'Invalid API Key', 'type': 'invalid_request_error', 'code': 'invalid_api_key'}}
[SlideInterpretationAgent] OpenAI analysis failed: Error code: 429 - {'error': {'message': 'You exceeded your current quota, please check your plan and billing details. For more information on this error, read the docs: https://platform.openai.com/docs/guides/error-codes/api-errors.', 'type': 'insufficient_quota', 'param': None, 'code': 'insufficient_quota'}}
[SlideInterpretationAgent] Using local Ollama model: llama3.2...
[SlideInterpretationAgent] Ollama analysis failed: HTTPConnectionPool(host='localhost', port=11434): Read timed out. (read timeout=15)
[SlideInterpretationAgent] No LLM API succeeded. Using rule-based SemanticFlowService.
    [Orchestrator] Step 12.5: Slide summary generation...
    [Orchestrator] Step 13: Slide reconstruction context...
[ExtractionService] Processing slide 16...
    [Orchestrator] Step 1: Text extraction...
    [Orchestrator] Step 2: Header/footer...
    [Orchestrator] Step 3: Visual inventory...
    [Orchestrator] Step 4: Layout structure...
    [Orchestrator] Step 5: Position mapping...
    [Orchestrator] Step 6: Relationship mapping...
    [Orchestrator] Step 7: Flowchart analysis...
    [Orchestrator] Step 8: Diagram understanding...
    [Orchestrator] Step 9: Image summaries...
    [Orchestrator] Step 10: Slide context...
    [Orchestrator] Step 11: Table extraction...
    [Orchestrator] Final assembly...
    [Orchestrator] Step 12: Semantic services...
    [Orchestrator] Step 12.1: Slide interpretation (semantic flow)...
[SlideInterpretationAgent] Groq analysis failed: Error code: 401 - {'error': {'message': 'Invalid API Key', 'type': 'invalid_request_error', 'code': 'invalid_api_key'}}
[SlideInterpretationAgent] OpenAI analysis failed: Error code: 429 - {'error': {'message': 'You exceeded your current quota, please check your plan and billing details. For more information on this error, read the docs: https://platform.openai.com/docs/guides/error-codes/api-errors.', 'type': 'insufficient_quota', 'param': None, 'code': 'insufficient_quota'}}
[SlideInterpretationAgent] Using local Ollama model: llama3.2...
[SlideInterpretationAgent] Ollama analysis failed: HTTPConnectionPool(host='localhost', port=11434): Read timed out. (read timeout=15)
[SlideInterpretationAgent] No LLM API succeeded. Using rule-based SemanticFlowService.
    [Orchestrator] Step 12.5: Slide summary generation...
    [Orchestrator] Step 13: Slide reconstruction context...
[ExtractionService] Processing slide 17...
    [Orchestrator] Step 1: Text extraction...
    [Orchestrator] Step 2: Header/footer...
    [Orchestrator] Step 3: Visual inventory...
    [Orchestrator] Step 4: Layout structure...
    [Orchestrator] Step 5: Position mapping...
    [Orchestrator] Step 6: Relationship mapping...
    [Orchestrator] Step 7: Flowchart analysis...
    [Orchestrator] Step 8: Diagram understanding...
    [Orchestrator] Step 9: Image summaries...
    [Orchestrator] Step 10: Slide context...
    [Orchestrator] Step 11: Table extraction...
    [Orchestrator] Final assembly...
    [Orchestrator] Step 12: Semantic services...
    [Orchestrator] Step 12.1: Slide interpretation (semantic flow)...
[SlideInterpretationAgent] Groq analysis failed: Error code: 401 - {'error': {'message': 'Invalid API Key', 'type': 'invalid_request_error', 'code': 'invalid_api_key'}}
[SlideInterpretationAgent] OpenAI analysis failed: Error code: 429 - {'error': {'message': 'You exceeded your current quota, please check your plan and billing details. For more information on this error, read the docs: https://platform.openai.com/docs/guides/error-codes/api-errors.', 'type': 'insufficient_quota', 'param': None, 'code': 'insufficient_quota'}}
[SlideInterpretationAgent] Using local Ollama model: llama3.2...
[SlideInterpretationAgent] Ollama analysis failed: HTTPConnectionPool(host='localhost', port=11434): Read timed out. (read timeout=15)
[SlideInterpretationAgent] No LLM API succeeded. Using rule-based SemanticFlowService.
    [Orchestrator] Step 12.5: Slide summary generation...
    [Orchestrator] Step 13: Slide reconstruction context...
[ExtractionService] Processing slide 18...
    [Orchestrator] Step 1: Text extraction...
    [Orchestrator] Step 2: Header/footer...
    [Orchestrator] Step 3: Visual inventory...
    [Orchestrator] Step 4: Layout structure...
    [Orchestrator] Step 5: Position mapping...
    [Orchestrator] Step 6: Relationship mapping...
    [Orchestrator] Step 7: Flowchart analysis...
    [Orchestrator] Step 8: Diagram understanding...
    [Orchestrator] Step 9: Image summaries...
    [Orchestrator] Step 10: Slide context...
    [Orchestrator] Step 11: Table extraction...
    [Orchestrator] Final assembly...
    [Orchestrator] Step 12: Semantic services...
    [Orchestrator] Step 12.1: Slide interpretation (semantic flow)...
[SlideInterpretationAgent] Groq analysis failed: Error code: 401 - {'error': {'message': 'Invalid API Key', 'type': 'invalid_request_error', 'code': 'invalid_api_key'}}
[SlideInterpretationAgent] OpenAI analysis failed: Error code: 429 - {'error': {'message': 'You exceeded your current quota, please check your plan and billing details. For more information on this error, read the docs: https://platform.openai.com/docs/guides/error-codes/api-errors.', 'type': 'insufficient_quota', 'param': None, 'code': 'insufficient_quota'}}
[SlideInterpretationAgent] Using local Ollama model: llama3.2...
[SlideInterpretationAgent] Ollama analysis failed: HTTPConnectionPool(host='localhost', port=11434): Read timed out. (read timeout=15)
[SlideInterpretationAgent] No LLM API succeeded. Using rule-based SemanticFlowService.
    [Orchestrator] Step 12.5: Slide summary generation...
    [Orchestrator] Step 13: Slide reconstruction context...
[ExtractionService] Processing slide 19...
    [Orchestrator] Step 1: Text extraction...
    [Orchestrator] Step 2: Header/footer...
    [Orchestrator] Step 3: Visual inventory...
    [Orchestrator] Step 4: Layout structure...
    [Orchestrator] Step 5: Position mapping...
    [Orchestrator] Step 6: Relationship mapping...
    [Orchestrator] Step 7: Flowchart analysis...
    [Orchestrator] Step 8: Diagram understanding...
    [Orchestrator] Step 9: Image summaries...
    [Orchestrator] Step 10: Slide context...
    [Orchestrator] Step 11: Table extraction...
    [Orchestrator] Final assembly...
    [Orchestrator] Step 12: Semantic services...
    [Orchestrator] Step 12.1: Slide interpretation (semantic flow)...
[SlideInterpretationAgent] Groq analysis failed: Error code: 401 - {'error': {'message': 'Invalid API Key', 'type': 'invalid_request_error', 'code': 'invalid_api_key'}}
[SlideInterpretationAgent] OpenAI analysis failed: Error code: 429 - {'error': {'message': 'You exceeded your current quota, please check your plan and billing details. For more information on this error, read the docs: https://platform.openai.com/docs/guides/error-codes/api-errors.', 'type': 'insufficient_quota', 'param': None, 'code': 'insufficient_quota'}}
[SlideInterpretationAgent] Using local Ollama model: llama3.2...
[SlideInterpretationAgent] Ollama analysis failed: HTTPConnectionPool(host='localhost', port=11434): Read timed out. (read timeout=15)
[SlideInterpretationAgent] No LLM API succeeded. Using rule-based SemanticFlowService.
    [Orchestrator] Step 12.5: Slide summary generation...
    [Orchestrator] Step 13: Slide reconstruction context...
[ExtractionService] Processing slide 20...
    [Orchestrator] Step 1: Text extraction...
    [Orchestrator] Step 2: Header/footer...
    [Orchestrator] Step 3: Visual inventory...
    [Orchestrator] Step 4: Layout structure...
    [Orchestrator] Step 5: Position mapping...
    [Orchestrator] Step 6: Relationship mapping...
    [Orchestrator] Step 7: Flowchart analysis...
    [Orchestrator] Step 8: Diagram understanding...
    [Orchestrator] Step 9: Image summaries...
    [Orchestrator] Step 10: Slide context...
    [Orchestrator] Step 11: Table extraction...
    [Orchestrator] Final assembly...
    [Orchestrator] Step 12: Semantic services...
    [Orchestrator] Step 12.1: Slide interpretation (semantic flow)...
[SlideInterpretationAgent] Groq analysis failed: Error code: 401 - {'error': {'message': 'Invalid API Key', 'type': 'invalid_request_error', 'code': 'invalid_api_key'}}
[SlideInterpretationAgent] OpenAI analysis failed: Error code: 429 - {'error': {'message': 'You exceeded your current quota, please check your plan and billing details. For more information on this error, read the docs: https://platform.openai.com/docs/guides/error-codes/api-errors.', 'type': 'insufficient_quota', 'param': None, 'code': 'insufficient_quota'}}
[SlideInterpretationAgent] Using local Ollama model: llama3.2...
[SlideInterpretationAgent] Ollama analysis failed: HTTPConnectionPool(host='localhost', port=11434): Read timed out. (read timeout=15)
[SlideInterpretationAgent] No LLM API succeeded. Using rule-based SemanticFlowService.
    [Orchestrator] Step 12.5: Slide summary generation...
    [Orchestrator] Step 13: Slide reconstruction context...
Extraction completed!
[ExtractionService] Extracted table representations saved to: output\extracted_json\deloitte_it_strategic_review_2014_tables.txt
JSON exported to: output\extracted_json\deloitte_it_strategic_review_2014.json

Tables output file generated at: output\extracted_json\deloitte_it_strategic_review_2014_tables.txt

--- Contents of tables.txt (first 50 lines) ---
======================================================================
Slide 11 - Element slide_11_table_1
======================================================================
------------------------------------------------------------
TABLE_TITLE
------------------------------------------------------------
5 year roadmap

------------------------------------------------------------
TABLE_MARKDOWN
------------------------------------------------------------
| 2.0 Network |  | 2.1 Network baseline | 2.2 Upgrades, repla | cements and |
| --- | --- | --- | --- | --- |
| 3.0Servers | 3.1 Target architecture | 3.2 Architecture | migration |  |
| 4.0 End user computing | 4.1 Workstation 4.1.1 Mobility up | refresh dates | 4.2 | Maintenance |
| 5.0 Applications | 5.1 Application strategy |  | 5.2 Application enha | ncement and |

------------------------------------------------------------
TABLE_STRUCTURE
------------------------------------------------------------
Rows: 4
Columns: 5

Cell:
Row=1
Column=1
RowSpan=1
ColumnSpan=1
Text=""

Cell:
Row=1
Column=2
RowSpan=1
ColumnSpan=1
Text=""

Cell:
Row=1
Column=3
RowSpan=1
ColumnSpan=1
Text=""

Cell:
Row=1
Column=4
RowSpan=1
ColumnSpan=1
Text=""

Cell:
Row=1
Column=5
RowSpan=1
ColumnSpan=1
Text=""

Cell:
Row=2
Column=1
RowSpan=1
ColumnSpan=1
Text=""

Cell:
Row=2
Column=2
RowSpan=1
ColumnSpan=1
Text=""

Cell:
Row=2
Column=3
RowSpan=1
ColumnSpan=1
Text=""

Cell:
